// Jest Snapshot v1, https://goo.gl/fbAQLP

exports[`Render App 1`] = `
Array [
  <div
    className="movie-rating"
  >
    <div
      className="movie-rating__score"
    >
      6,5
    </div>
    <p
      className="movie-rating__meta"
    >
      <span
        className="movie-rating__level"
      >
        Good
      </span>
      <span
        className="movie-rating__count"
      >
        34786
         ratings
      </span>
    </p>
  </div>,
  <div
    className="movie-card__text"
  >
    <p>
      Действие фильма разворачивается через 8 лет после событий предшествующего фильма и с тех пор карьера сэра Джонни Инглиша ухудшается.
    </p>
    <p>
      За 5 лет до начала фильма его направили с заданием в Мозамбик, но миссия пошла ужасно плохо. С тех пор он живёт в пещере в горах Тибета, прячась ото всех из-за стыда, сожалений и обвинений в провале миссии.
    </p>
    <p>
      Фильм начинается, когда герой находится на крайне низком моральном уровне, пока ему не дают ещё один шанс. Британская разведка МИ-7 снова нуждается в нём и ей надо вернуть агента, чтобы тот сорвал заговор группы киллеров, планирующих убить китайского премьер-министра.
    </p>
    <p
      className="movie-card__director"
    >
      <strong>
        Director: 
        Оливер Паркер
      </strong>
    </p>
    <p
      className="movie-card__starring"
    >
      <strong>
        Starring: 
        Роуэн Эткинсон, Джиллиан Андерсон, Доминик Уэст, Розамунд Пайк
         and others
      </strong>
    </p>
  </div>,
]
`;
