// Jest Snapshot v1, https://goo.gl/fbAQLP

exports[`Render My list component 1`] = `
<div
  className="user-page"
>
  <header
    className="page-header user-page__head"
  >
    <div
      className="logo"
    >
      <a
        className="logo__link "
        href="/"
        onClick={[Function]}
      >
        <span
          className="logo__letter logo__letter--1"
        >
          W
        </span>
        <span
          className="logo__letter logo__letter--2"
        >
          T
        </span>
        <span
          className="logo__letter logo__letter--3"
        >
          W
        </span>
      </a>
    </div>
    <h1
      className="page-title user-page__title"
    >
      My list
    </h1>
    <div
      className="user-block"
    >
      <div
        className="user-block__avatar"
      >
        <a
          href="/mylist"
          onClick={[Function]}
        >
          <img
            alt="User avatar"
            height="63"
            src=""
            width="63"
          />
        </a>
      </div>
    </div>
  </header>
  <section
    className="catalog"
  >
    <h2
      className="catalog__title visually-hidden"
    >
      Catalog
    </h2>
    <div
      className="catalog__movies-list"
    >
      <article
        className="small-movie-card catalog__movies-card"
        data-key={0}
      >
        <div
          className="small-movie-card__image"
          onMouseOut={[Function]}
          onMouseOver={[Function]}
        >
          <video
            className="player__video"
            poster="img/bohemian-rhapsody.jpg"
            preload="metadata"
          />
        </div>
        <h3
          className="small-movie-card__title"
        >
          <a
            className="small-movie-card__link"
            href="/films/0"
            onClick={[Function]}
          >
            Bohemian rhapsody
          </a>
        </h3>
      </article>
      <article
        className="small-movie-card catalog__movies-card"
        data-key={1}
      >
        <div
          className="small-movie-card__image"
          onMouseOut={[Function]}
          onMouseOver={[Function]}
        >
          <video
            className="player__video"
            poster="img/moonrise-kingdom.jpg"
            preload="metadata"
          />
        </div>
        <h3
          className="small-movie-card__title"
        >
          <a
            className="small-movie-card__link"
            href="/films/1"
            onClick={[Function]}
          >
            Moonrise kingdom
          </a>
        </h3>
      </article>
    </div>
    
  </section>
  <footer
    className="page-footer"
  >
    <div
      className="logo"
    >
      <a
        className="logo__link logo__link--light"
        href="/"
        onClick={[Function]}
      >
        <span
          className="logo__letter logo__letter--1"
        >
          W
        </span>
        <span
          className="logo__letter logo__letter--2"
        >
          T
        </span>
        <span
          className="logo__letter logo__letter--3"
        >
          W
        </span>
      </a>
    </div>
    <div
      className="copyright"
    >
      <p>
        Â© 2019 What to watch Ltd.
      </p>
    </div>
  </footer>
</div>
`;
