// Jest Snapshot v1, https://goo.gl/fbAQLP

exports[`Render MovieDetails 1`] = `
<div
  className="movie-card__text movie-card__row"
>
  <div
    className="movie-card__text-col"
  >
    <p
      className="movie-card__details-item"
    >
      <strong
        className="movie-card__details-name"
      >
        Director
      </strong>
      <span
        className="movie-card__details-value"
      >
        Оливер Паркер
      </span>
    </p>
    <p
      className="movie-card__details-item"
    >
      <strong
        className="movie-card__details-name"
      >
        Starring
      </strong>
      <span
        className="movie-card__details-value"
      >
        Роуэн Эткинсон
        <br />
        Джиллиан Андерсон
        <br />
        Доминик Уэст
        <br />
        Розамунд Пайк
        <br />
        Дэниэл Калуя
        <br />
        Марк Иванир
        <br />
        Берн Горман
        <br />
        Жозефин де ла Буме
        <br />
        Тим Макиннерни
        <br />
        Пик Сен Лим
        
      </span>
    </p>
  </div>
  <div
    className="movie-card__text-col"
  >
    <p
      className="movie-card__details-item"
    >
      <strong
        className="movie-card__details-name"
      >
        Run Time
      </strong>
      <span
        className="movie-card__details-value"
      >
        1h 50m
      </span>
    </p>
    <p
      className="movie-card__details-item"
    >
      <strong
        className="movie-card__details-name"
      >
        Genre
      </strong>
      <span
        className="movie-card__details-value"
      >
        Comedy
      </span>
    </p>
    <p
      className="movie-card__details-item"
    >
      <strong
        className="movie-card__details-name"
      >
        Released
      </strong>
      <span
        className="movie-card__details-value"
      >
        2011
      </span>
    </p>
  </div>
</div>
`;
