// Jest Snapshot v1, https://goo.gl/fbAQLP

exports[`Render filter genres buttons 1`] = `
<ul
  className="catalog__genres-list"
>
  <li
    className="catalog__genres-item "
  >
    <a
      className="catalog__genres-link"
      data-key="Drama"
      href="#"
      onClick={[Function]}
    >
      Drama
    </a>
  </li>
  <li
    className="catalog__genres-item catalog__genres-item--active"
  >
    <a
      className="catalog__genres-link"
      data-key="Fantasy"
      href="#"
      onClick={[Function]}
    >
      Fantasy
    </a>
  </li>
</ul>
`;
