// Jest Snapshot v1, https://goo.gl/fbAQLP

exports[`Render user block element for authorized user 1`] = `
<div
  className="user-block"
>
  <div
    className="user-block__avatar"
  >
    <img
      alt="User avatar"
      height="63"
      src="img/avatar.jpg"
      width="63"
    />
  </div>
</div>
`;

exports[`Render user block element for not authorized user 1`] = `
<div
  className="user-block"
>
  <a
    className="user-block__link"
    href="#"
    onClick={[Function]}
  >
    Sign in
  </a>
</div>
`;
