// Jest Snapshot v1, https://goo.gl/fbAQLP

exports[`Render App with Main screen 1`] = `
Array [
  <section
    className="movie-card"
  >
    <div
      className="movie-card__bg"
    >
      <img
        alt="The Grand Budapest Hotel"
        src="img/bg-the-grand-budapest-hotel.jpg"
      />
    </div>
    <h1
      className="visually-hidden"
    >
      WTW
    </h1>
    <header
      className="page-header movie-card__head"
    >
      <div
        className="logo"
      >
        <a
          className="logo__link "
        >
          <span
            className="logo__letter logo__letter--1"
          >
            W
          </span>
          <span
            className="logo__letter logo__letter--2"
          >
            T
          </span>
          <span
            className="logo__letter logo__letter--3"
          >
            W
          </span>
        </a>
      </div>
      <div
        className="user-block"
      >
        <div
          className="user-block__avatar"
        >
          <img
            alt="User avatar"
            height="63"
            src="img/avatar.jpg"
            width="63"
          />
        </div>
      </div>
    </header>
    <div
      className="movie-card__wrap"
    >
      <div
        className="movie-card__info"
      >
        <div
          className="movie-card__poster"
        >
          <img
            alt="The Grand Budapest Hotel"
            height="327"
            src="img/the-grand-budapest-hotel-poster.jpg"
            width="218"
          />
        </div>
        <div
          className="movie-card__desc"
        >
          <h2
            className="movie-card__title"
          >
            The Grand Budapest Hotel
          </h2>
          <p
            className="movie-card__meta"
          >
            <span
              className="movie-card__genre"
            >
              Drama
            </span>
            <span
              className="movie-card__year"
            >
              2014
            </span>
          </p>
          <div
            className="movie-card__buttons"
          >
            <button
              className="btn btn--play movie-card__button"
              type="button"
            >
              <svg
                height="19"
                viewBox="0 0 19 19"
                width="19"
              >
                <use
                  xlinkHref="/sprite.svg#play-s"
                />
              </svg>
              <span>
                Play
              </span>
            </button>
            <button
              className="btn btn--list movie-card__button"
              type="button"
            >
              <svg
                height="20"
                viewBox="0 0 19 20"
                width="19"
              >
                <use
                  xlinkHref="/sprite.svg#add"
                />
              </svg>
              <span>
                My list
              </span>
            </button>
          </div>
        </div>
      </div>
    </div>
  </section>,
  <div
    className="page-content"
  >
    <section
      className="catalog"
    >
      <h2
        className="catalog__title visually-hidden"
      >
        Catalog
      </h2>
      <ul
        className="catalog__genres-list"
      >
        <li
          className="catalog__genres-item "
        >
          <a
            className="catalog__genres-link"
            data-key="Drama"
            href="#"
            onClick={[Function]}
          >
            Drama
          </a>
        </li>
        <li
          className="catalog__genres-item "
        >
          <a
            className="catalog__genres-link"
            data-key="Fantasy"
            href="#"
            onClick={[Function]}
          >
            Fantasy
          </a>
        </li>
      </ul>
      <div
        className="catalog__movies-list"
      >
        <article
          className="small-movie-card catalog__movies-card"
          data-key={0}
        >
          <div
            className="small-movie-card__image"
            onMouseOut={[Function]}
            onMouseOver={[Function]}
          >
            <video
              height="175"
              poster="img/bohemian-rhapsody.jpg"
              preload="metadata"
              width="280"
            />
          </div>
          <h3
            className="small-movie-card__title"
          >
            <a
              className="small-movie-card__link"
              href="movie-page.html"
              onClick={[Function]}
            >
              Bohemian rhapsody
            </a>
          </h3>
        </article>
        <article
          className="small-movie-card catalog__movies-card"
          data-key={1}
        >
          <div
            className="small-movie-card__image"
            onMouseOut={[Function]}
            onMouseOver={[Function]}
          >
            <video
              height="175"
              poster="img/moonrise-kingdom.jpg"
              preload="metadata"
              width="280"
            />
          </div>
          <h3
            className="small-movie-card__title"
          >
            <a
              className="small-movie-card__link"
              href="movie-page.html"
              onClick={[Function]}
            >
              Moonrise kingdom
            </a>
          </h3>
        </article>
      </div>
      
    </section>
    <footer
      className="page-footer"
    >
      <div
        className="logo"
      >
        <a
          className="logo__link logo__link--light"
        >
          <span
            className="logo__letter logo__letter--1"
          >
            W
          </span>
          <span
            className="logo__letter logo__letter--2"
          >
            T
          </span>
          <span
            className="logo__letter logo__letter--3"
          >
            W
          </span>
        </a>
      </div>
      <div
        className="copyright"
      >
        <p>
          Â© 2019 What to watch Ltd.
        </p>
      </div>
    </footer>
  </div>,
]
`;

exports[`Render App with Movie page screen 1`] = `
Array [
  <section
    className="movie-card movie-card--full"
    data-key={0}
  >
    <div
      className="movie-card__hero"
    >
      <div
        className="movie-card__bg"
      >
        <img
          alt="Bohemian rhapsody"
          src="img/bohemian-rhapsody.jpg"
        />
      </div>
      <h1
        className="visually-hidden"
      >
        WTW
      </h1>
      <header
        className="page-header movie-card__head"
      >
        <div
          className="logo"
        >
          <a
            className="logo__link "
          >
            <span
              className="logo__letter logo__letter--1"
            >
              W
            </span>
            <span
              className="logo__letter logo__letter--2"
            >
              T
            </span>
            <span
              className="logo__letter logo__letter--3"
            >
              W
            </span>
          </a>
        </div>
        <div
          className="user-block"
        >
          <div
            className="user-block__avatar"
          >
            <img
              alt="User avatar"
              height="63"
              src="img/avatar.jpg"
              width="63"
            />
          </div>
        </div>
      </header>
      <div
        className="movie-card__wrap"
      >
        <div
          className="movie-card__desc"
        >
          <h2
            className="movie-card__title"
          >
            Bohemian rhapsody
          </h2>
          <p
            className="movie-card__meta"
          >
            <span
              className="movie-card__genre"
            >
              Drama
            </span>
            <span
              className="movie-card__year"
            >
              2018
            </span>
          </p>
          <div
            className="movie-card__buttons"
          >
            <button
              className="btn btn--play movie-card__button"
              type="button"
            >
              <svg
                height="19"
                viewBox="0 0 19 19"
                width="19"
              >
                <use
                  xlinkHref="/sprite.svg#play-s"
                />
              </svg>
              <span>
                Play
              </span>
            </button>
            <button
              className="btn btn--list movie-card__button"
              type="button"
            >
              <svg
                height="20"
                viewBox="0 0 19 20"
                width="19"
              >
                <use
                  xlinkHref="/sprite.svg#add"
                />
              </svg>
              <span>
                My list
              </span>
            </button>
            <a
              className="btn movie-card__button"
              href="add-review.html"
            >
              Add review
            </a>
          </div>
        </div>
      </div>
    </div>
    <div
      className="movie-card__wrap movie-card__translate-top"
    >
      <div
        className="movie-card__info"
      >
        <div
          className="movie-card__poster movie-card__poster--big"
        >
          <img
            alt="Bohemian rhapsody"
            height="327"
            src="img/bohemian-rhapsody.jpg"
            width="218"
          />
        </div>
        <div
          className="movie-card__desc"
        >
          <nav
            className="movie-nav movie-card__nav"
          >
            <ul
              className="movie-nav__list"
            >
              <li
                className="movie-nav__item movie-nav__item--active"
              >
                <a
                  className="movie-nav__link"
                  data-key={0}
                  href="#"
                  onClick={[Function]}
                >
                  Overview
                </a>
              </li>
              <li
                className="movie-nav__item "
              >
                <a
                  className="movie-nav__link"
                  data-key={1}
                  href="#"
                  onClick={[Function]}
                >
                  Details
                </a>
              </li>
              <li
                className="movie-nav__item "
              >
                <a
                  className="movie-nav__link"
                  data-key={2}
                  href="#"
                  onClick={[Function]}
                >
                  Reviews
                </a>
              </li>
            </ul>
          </nav>
          <div
            className="movie-rating"
          >
            <div
              className="movie-rating__score"
            >
              7,9
            </div>
            <p
              className="movie-rating__meta"
            >
              <span
                className="movie-rating__level"
              >
                Good
              </span>
              <span
                className="movie-rating__count"
              >
                284651
                 ratings
              </span>
            </p>
          </div>
          <div
            className="movie-card__text"
          >
            <p>
              Ð§ÐµÑÑÐ²Ð¾Ð²Ð°Ð½Ð¸Ðµ Ð³ÑÑÐ¿Ð¿Ñ Queen, Ð¸Ñ Ð¼ÑÐ·ÑÐºÐ¸ Ð¸ Ð¸Ñ Ð²ÑÐ´Ð°ÑÑÐµÐ³Ð¾ÑÑ Ð²Ð¾ÐºÐ°Ð»Ð¸ÑÑÐ° Ð¤ÑÐµÐ´Ð´Ð¸ ÐÐµÑÐºÑÑÑÐ¸, ÐºÐ¾ÑÐ¾ÑÑÐ¹ Ð±ÑÐ¾ÑÐ¸Ð» Ð²ÑÐ·Ð¾Ð² ÑÑÐµÑÐµÐ¾ÑÐ¸Ð¿Ð°Ð¼ Ð¸ Ð¿Ð¾Ð±ÐµÐ´Ð¸Ð» ÑÑÐ»Ð¾Ð²Ð½Ð¾ÑÑÐ¸, ÑÑÐ¾Ð±Ñ ÑÑÐ°ÑÑ Ð¾Ð´Ð½Ð¸Ð¼ Ð¸Ð· ÑÐ°Ð¼ÑÑ Ð»ÑÐ±Ð¸Ð¼ÑÑ Ð°ÑÑÐ¸ÑÑÐ¾Ð² Ð½Ð° Ð¿Ð»Ð°Ð½ÐµÑÐµ.
            </p>
            <p>
              Ð¤Ð¸Ð»ÑÐ¼ Ð¿ÑÐ¾ÑÐ»ÐµÐ¶Ð¸Ð²Ð°ÐµÑ Ð³Ð¾Ð»Ð¾Ð²Ð¾ÐºÑÑÐ¶Ð¸ÑÐµÐ»ÑÐ½ÑÐ¹ Ð¿ÑÑÑ Ð³ÑÑÐ¿Ð¿Ñ Ðº ÑÑÐ¿ÐµÑÑ Ð±Ð»Ð°Ð³Ð¾Ð´Ð°ÑÑ Ð¸Ñ ÐºÑÐ»ÑÑÐ¾Ð²ÑÐ¼ Ð¿ÐµÑÐ½ÑÐ¼ Ð¸ ÑÐµÐ²Ð¾Ð»ÑÑÐ¸Ð¾Ð½Ð½Ð¾Ð¼Ñ Ð·Ð²ÑÐºÑ, Ð¿ÑÐ°ÐºÑÐ¸ÑÐµÑÐºÐ¸ ÑÐ°ÑÐ¿Ð°Ð´ ÐºÐ¾Ð»Ð»ÐµÐºÑÐ¸Ð²Ð°, Ð¿Ð¾ÑÐºÐ¾Ð»ÑÐºÑ Ð¾Ð±ÑÐ°Ð· Ð¶Ð¸Ð·Ð½Ð¸ ÐÐµÑÐºÑÑÑÐ¸ Ð²ÑÑÐ¾Ð´Ð¸Ñ Ð¸Ð·-Ð¿Ð¾Ð´ ÐºÐ¾Ð½ÑÑÐ¾Ð»Ñ, Ð¸ Ð¸Ñ ÑÑÐ¸ÑÐ¼ÑÐ°Ð»ÑÐ½Ð¾Ðµ Ð²Ð¾ÑÑÐ¾ÐµÐ´Ð¸Ð½ÐµÐ½Ð¸Ðµ Ð½Ð°ÐºÐ°Ð½ÑÐ½Ðµ ÐºÐ¾Ð½ÑÐµÑÑÐ° Live Aid, ÑÑÐ°Ð²ÑÐ¸Ð¼ Ð¾Ð´Ð½Ð¸Ð¼ Ð¸Ð· Ð²ÐµÐ»Ð¸ÑÐ°Ð¹ÑÐ¸Ñ Ð²ÑÑÑÑÐ¿Ð»ÐµÐ½Ð¸Ð¹ Ð² Ð¸ÑÑÐ¾ÑÐ¸Ð¸ ÑÐ¾Ðº-Ð¼ÑÐ·ÑÐºÐ¸.
            </p>
            <p
              className="movie-card__director"
            >
              <strong>
                Director: 
                ÐÑÐ°Ð¹Ð°Ð½ Ð¡Ð¸Ð½Ð³ÐµÑ
              </strong>
            </p>
            <p
              className="movie-card__starring"
            >
              <strong>
                Starring: 
                Ð Ð°Ð¼Ð¸ ÐÐ°Ð»ÐµÐº, ÐÑÑÐ¸ ÐÐ¾Ð¹Ð½ÑÐ¾Ð½, ÐÐ²Ð¸Ð»Ð¸Ð¼ ÐÐ¸, ÐÐµÐ½ Ð¥Ð°ÑÐ´Ð¸
                 and others
              </strong>
            </p>
          </div>
        </div>
      </div>
    </div>
  </section>,
  <div
    className="page-content"
  >
    <section
      className="catalog catalog--like-this"
    >
      <h2
        className="catalog__title"
      >
        More like this
      </h2>
      <div
        className="catalog__movies-list"
      />
      
    </section>
    <footer
      className="page-footer"
    >
      <div
        className="logo"
      >
        <a
          className="logo__link logo__link--light"
        >
          <span
            className="logo__letter logo__letter--1"
          >
            W
          </span>
          <span
            className="logo__letter logo__letter--2"
          >
            T
          </span>
          <span
            className="logo__letter logo__letter--3"
          >
            W
          </span>
        </a>
      </div>
      <div
        className="copyright"
      >
        <p>
          Â© 2019 What to watch Ltd.
        </p>
      </div>
    </footer>
  </div>,
]
`;
