// Jest Snapshot v1, https://goo.gl/fbAQLP

exports[`Render video player 1`] = `
<video
  height={175}
  poster="img/aviator.jpg"
  preload="metadata"
  width={280}
/>
`;
