// Jest Snapshot v1, https://goo.gl/fbAQLP

exports[`Render video player 1`] = `
<video
  className="player__video"
  poster="img/bohemian-rhapsody.jpg"
  preload="metadata"
/>
`;
