// Jest Snapshot v1, https://goo.gl/fbAQLP

exports[`Render App 1`] = `
<div
  className="review"
>
  <blockquote
    className="review__quote"
  >
    <p
      className="review__text"
    >
      Discerning travellers and Wes Anderson fans will luxuriate in the glorious Mittel-European kitsch of one of the director's funniest and most exquisitely designed movies in years.
    </p>
    <footer
      className="review__details"
    >
      <cite
        className="review__author"
      >
        Kate Muir
      </cite>
      <time
        className="review__date"
        dateTime="2019-5-3T0:0"
      >
        June 3, 2019
      </time>
    </footer>
  </blockquote>
  <div
    className="review__rating"
  >
    5
  </div>
</div>
`;
