// Jest Snapshot v1, https://goo.gl/fbAQLP

exports[`Render movie tabs 1`] = `
<nav
  className="movie-nav movie-card__nav"
>
  <ul
    className="movie-nav__list"
  >
    <li
      className="movie-nav__item movie-nav__item--active"
    >
      <a
        className="movie-nav__link"
        data-key={0}
        href="#"
        onClick={[Function]}
      >
        Overview
      </a>
    </li>
    <li
      className="movie-nav__item "
    >
      <a
        className="movie-nav__link"
        data-key={1}
        href="#"
        onClick={[Function]}
      >
        Details
      </a>
    </li>
    <li
      className="movie-nav__item "
    >
      <a
        className="movie-nav__link"
        data-key={2}
        href="#"
        onClick={[Function]}
      >
        Reviews
      </a>
    </li>
  </ul>
</nav>
`;
