// Jest Snapshot v1, https://goo.gl/fbAQLP

exports[`Render small movie card 1`] = `
<article
  className="small-movie-card catalog__movies-card"
  data-key={0}
>
  <h3
    className="small-movie-card__title"
  >
    <a
      className="small-movie-card__link"
      href="movie-page.html"
      onClick={[Function]}
    >
      Aviator
    </a>
  </h3>
</article>
`;
